

An error occurred inside PHPUnit.

Message:  Class "TestCase" not found
Location: C:\Users\HP\Desktop\Nouveau dossier\TDR\picme225.com_backend\tests\ExampleTest.php:7

#0 C:\Users\HP\Desktop\Nouveau dossier\TDR\picme225.com_backend\vendor\phpunit\phpunit\src\Runner\TestSuiteLoader.php(115): require_once()
#1 C:\Users\HP\Desktop\Nouveau dossier\TDR\picme225.com_backend\vendor\phpunit\phpunit\src\Runner\TestSuiteLoader.php(48): PHPUnit\Runner\TestSuiteLoader->loadSuiteClassFile('C:\\Users\\HP\\Des...')
#2 C:\Users\HP\Desktop\Nouveau dossier\TDR\picme225.com_backend\vendor\phpunit\phpunit\src\Framework\TestSuite.php(251): PHPUnit\Runner\TestSuiteLoader->load('C:\\Users\\HP\\Des...')
#3 C:\Users\HP\Desktop\Nouveau dossier\TDR\picme225.com_backend\vendor\phpunit\phpunit\src\Framework\TestSuite.php(269): PHPUnit\Framework\TestSuite->addTestFile('C:\\Users\\HP\\Des...')
#4 C:\Users\HP\Desktop\Nouveau dossier\TDR\picme225.com_backend\vendor\phpunit\phpunit\src\TextUI\Configuration\Xml\TestSuiteMapper.php(102): PHPUnit\Framework\TestSuite->addTestFiles(Array)
#5 C:\Users\HP\Desktop\Nouveau dossier\TDR\picme225.com_backend\vendor\phpunit\phpunit\src\TextUI\Configuration\TestSuiteBuilder.php(79): PHPUnit\TextUI\XmlConfiguration\TestSuiteMapper->map('C:\\Users\\HP\\Des...', Object(PHPUnit\TextUI\Configuration\TestSuiteCollection), '', '')
#6 C:\Users\HP\Desktop\Nouveau dossier\TDR\picme225.com_backend\vendor\phpunit\phpunit\src\TextUI\Application.php(400): PHPUnit\TextUI\Configuration\TestSuiteBuilder->build(Object(PHPUnit\TextUI\Configuration\Configuration))
#7 C:\Users\HP\Desktop\Nouveau dossier\TDR\picme225.com_backend\vendor\phpunit\phpunit\src\TextUI\Application.php(113): PHPUnit\TextUI\Application->buildTestSuite(Object(PHPUnit\TextUI\Configuration\Configuration))
#8 C:\Users\HP\Desktop\Nouveau dossier\TDR\picme225.com_backend\vendor\phpunit\phpunit\phpunit(104): PHPUnit\TextUI\Application->run(Array)
#9 C:\Users\HP\Desktop\Nouveau dossier\TDR\picme225.com_backend\vendor\bin\phpunit(122): include('C:\\Users\\HP\\Des...')
#10 {main}
